============================= test session starts =============================
platform win32 -- Python 3.13.9, pytest-9.0.2, pluggy-1.5.0
rootdir: C:\Users\Breno Crespo\Desktop\biblia_gpt
plugins: anyio-4.12.1, langsmith-0.6.2
collected 0 items / 1 error

=================================== ERRORS ====================================
_________________ ERROR collecting backend/tests/test_api.py __________________
backend\tests\test_api.py:2: in <module>
    from backend.main import app
backend\main.py:5: in <module>
    from backend.app.api import chat
backend\app\api\chat.py:3: in <module>
    from backend.app.services.agents import get_supervisor_chain, get_agente_web, get_agente_rag
backend\app\services\agents.py:6: in <module>
    from .rag_engine import get_retriever
backend\app\services\rag_engine.py:5: in <module>
    from backend.app.core.config import settings
backend\app\core\config.py:16: in <module>
    settings = Settings()
               ^^^^^^^^^^
..\..\miniconda3\Lib\site-packages\pydantic_settings\main.py:188: in __init__
    super().__init__(
E   pydantic_core._pydantic_core.ValidationError: 2 validation errors for Settings
E   vector_db_path
E     Extra inputs are not permitted [type=extra_forbidden, input_value='./data/chroma_db', input_type=str]
E       For further information visit https://errors.pydantic.dev/2.12/v/extra_forbidden
E   app_password
E     Extra inputs are not permitted [type=extra_forbidden, input_value='Jesus', input_type=str]
E       For further information visit https://errors.pydantic.dev/2.12/v/extra_forbidden
============================== warnings summary ===============================
backend\app\core\config.py:3
  C:\Users\Breno Crespo\Desktop\biblia_gpt\backend\app\core\config.py:3: PydanticDeprecatedSince20: Support for class-based `config` is deprecated, use ConfigDict instead. Deprecated in Pydantic V2.0 to be removed in V3.0. See Pydantic V2 Migration Guide at https://errors.pydantic.dev/2.12/migration/
    class Settings(BaseSettings):

-- Docs: https://docs.pytest.org/en/stable/how-to/capture-warnings.html
=========================== short test summary info ===========================
ERROR backend/tests/test_api.py - pydantic_core._pydantic_core.ValidationErro...
!!!!!!!!!!!!!!!!!!! Interrupted: 1 error during collection !!!!!!!!!!!!!!!!!!!!
========================= 1 warning, 1 error in 3.91s =========================
